// Jest Snapshot v1, https://goo.gl/fbAQLP

exports[`Mocking API [Fetch Success] データが正しくフェッチされてボタンがdisabledになる 1`] = `
<div>
  <div>
    <button
      disabled=""
    >
      Loaded
    </button>
    <h3>
      Bred dummy 
    </h3>
  </div>
</div>
`;
